#!/usr/bin/env bash
# SPDX-License-Identifier: GPL-3.0-only
# SPDX-FileCopyrightText: Contributors To The `net.splitcells.*` Projects
# Snap client software seems to be licensed under GPL 3: https://en.wikipedia.org/wiki/Snappy_(package_manager)
package.install snapd

if [ -x "$(command -v setenforce)" ]; then # Check if SElinux is present.
	sudo.at.current.env 'link.symbolic.from /snap to /var/lib/snapd/snap' # Enable support for --classic.
fi

sleep 3

sudo systemctl enable snapd
sudo systemctl start snapd

if systemctl is-active --quiet snapd; then
	echo.error "Snapd is not running." | systemd-cat -p emerg
fi